! NVIDIA не спит (runtime_status != suspended) — она подогревает общую тепловую трубку. Зафиксируй это одинаково в обоих прогонах.
Результаты: /home/tihonove/thermal-bench/results/after-20261003-170401
Условия: {"ambient_c": null, "platform_profile": "balanced", "epp": "balance_performance", "battery_status": "Not charging", "nvidia_runtime_status": "active"}

1/4 Покой 600 с — не трогай ноутбук
  [idle    0/600s]  41.0°C    4.3 Вт  1800 rpm  470 МГц
  [idle   10/600s]  41.0°C    4.0 Вт  1800 rpm  475 МГц
  [idle   20/600s]  41.0°C    4.0 Вт  1800 rpm  461 МГц
  [idle   30/600s]  41.0°C    4.5 Вт  1800 rpm  470 МГц
  [idle   40/600s]  41.0°C    3.6 Вт  1800 rpm  490 МГц
  [idle   50/600s]  41.0°C    3.7 Вт  1800 rpm  496 МГц
  [idle   60/600s]  41.0°C    3.8 Вт  1800 rpm  453 МГц
  [idle   70/600s]  43.0°C    8.3 Вт  1800 rpm  482 МГц
  [idle   80/600s]  42.0°C    3.5 Вт  1800 rpm  489 МГц
  [idle   90/600s]  42.0°C    8.6 Вт  1800 rpm  537 МГц
  [idle  100/600s]  42.0°C    3.3 Вт  1800 rpm  489 МГц
  [idle  110/600s]  43.0°C    9.2 Вт  1800 rpm  497 МГц
  [idle  120/600s]  42.0°C    3.5 Вт  1800 rpm  546 МГц
  [idle  130/600s]  42.0°C    3.4 Вт  1800 rpm  417 МГц
  [idle  140/600s]  41.0°C    3.6 Вт  1800 rpm  509 МГц
  [idle  150/600s]  41.0°C    4.1 Вт  1800 rpm  462 МГц
  [idle  160/600s]  42.0°C    3.2 Вт  1800 rpm  425 МГц
  [idle  170/600s]  41.0°C    3.4 Вт  1800 rpm  427 МГц
  [idle  180/600s]  41.0°C    3.2 Вт  1800 rpm  542 МГц
  [idle  190/600s]  41.0°C    4.2 Вт  1800 rpm  451 МГц
  [idle  200/600s]  41.0°C    3.6 Вт  1800 rpm  440 МГц
  [idle  210/600s]  41.0°C    3.4 Вт  1800 rpm  457 МГц
  [idle  220/600s]  40.0°C    3.4 Вт  1800 rpm  473 МГц
  [idle  230/600s]  41.0°C    3.1 Вт  1800 rpm  486 МГц
  [idle  240/600s]  41.0°C    3.1 Вт  1800 rpm  496 МГц
  [idle  250/600s]  41.0°C    3.5 Вт  1800 rpm  456 МГц
  [idle  260/600s]  41.0°C    3.3 Вт  1800 rpm  427 МГц
  [idle  270/600s]  41.0°C    3.4 Вт  1800 rpm  456 МГц
  [idle  280/600s]  41.0°C    3.6 Вт  1800 rpm  425 МГц
  [idle  290/600s]  40.0°C    3.5 Вт  1800 rpm  458 МГц
  [idle  300/600s]  41.0°C    3.7 Вт  1800 rpm  520 МГц
  [idle  310/600s]  42.0°C    3.3 Вт  1800 rpm  523 МГц
  [idle  320/600s]  41.0°C    3.2 Вт  1800 rpm  488 МГц
  [idle  330/600s]  40.0°C    3.2 Вт  1800 rpm  449 МГц
  [idle  340/600s]  40.0°C    3.2 Вт  1800 rpm  459 МГц
  [idle  350/600s]  41.0°C    3.4 Вт  1800 rpm  478 МГц
  [idle  360/600s]  41.0°C    3.2 Вт  1800 rpm  445 МГц
  [idle  370/600s]  41.0°C    3.1 Вт  1800 rpm  505 МГц
  [idle  380/600s]  40.0°C    3.2 Вт  1800 rpm  436 МГц
  [idle  390/600s]  41.0°C    3.1 Вт  0 rpm  542 МГц
  [idle  400/600s]  41.0°C    3.2 Вт  0 rpm  475 МГц
  [idle  410/600s]  40.0°C    3.0 Вт  0 rpm  518 МГц
  [idle  420/600s]  41.0°C    3.1 Вт  0 rpm  477 МГц
  [idle  430/600s]  42.0°C    3.3 Вт  0 rpm  477 МГц
  [idle  440/600s]  41.0°C    3.9 Вт  0 rpm  476 МГц
  [idle  450/600s]  41.0°C    3.2 Вт  0 rpm  455 МГц
  [idle  460/600s]  41.0°C    4.0 Вт  0 rpm  471 МГц
  [idle  470/600s]  41.0°C    3.2 Вт  0 rpm  488 МГц
  [idle  480/600s]  41.0°C    3.8 Вт  0 rpm  547 МГц
  [idle  490/600s]  41.0°C    4.2 Вт  0 rpm  456 МГц
  [idle  500/600s]  41.0°C    3.9 Вт  0 rpm  439 МГц
  [idle  510/600s]  40.0°C    3.8 Вт  0 rpm  482 МГц
  [idle  520/600s]  41.0°C    3.8 Вт  0 rpm  459 МГц
  [idle  530/600s]  41.0°C    4.3 Вт  0 rpm  448 МГц
  [idle  540/600s]  40.0°C    3.7 Вт  0 rpm  492 МГц
  [idle  550/600s]  41.0°C    3.3 Вт  0 rpm  461 МГц
  [idle  560/600s]  41.0°C    3.4 Вт  0 rpm  512 МГц
  [idle  570/600s]  41.0°C    3.2 Вт  0 rpm  463 МГц
  [idle  580/600s]  41.0°C    4.3 Вт  0 rpm  451 МГц
  [idle  590/600s]  41.0°C    3.9 Вт  0 rpm  456 МГц

2/4 Фиксированная мощность 20.0 Вт, 600 с
  [fixed    0/600s]  53.0°C   20.6 Вт  0 rpm  2433 МГц
  [fixed   10/600s]  58.0°C   20.0 Вт  0 rpm  2400 МГц
  [fixed   20/600s]  60.0°C   20.0 Вт  3000 rpm  2433 МГц
  [fixed   30/600s]  62.0°C   20.0 Вт  3300 rpm  2400 МГц
  [fixed   40/600s]  63.0°C   20.0 Вт  3300 rpm  2400 МГц
  [fixed   50/600s]  64.0°C   20.0 Вт  3500 rpm  2400 МГц
  [fixed   60/600s]  65.0°C   20.0 Вт  3500 rpm  2333 МГц
  [fixed   70/600s]  67.0°C   20.0 Вт  3500 rpm  2367 МГц
  [fixed   80/600s]  69.0°C   20.0 Вт  3500 rpm  2333 МГц
  [fixed   90/600s]  68.0°C   20.0 Вт  3500 rpm  2433 МГц
  [fixed  100/600s]  69.0°C   20.0 Вт  3500 rpm  2333 МГц
  [fixed  110/600s]  71.0°C   20.0 Вт  3500 rpm  2400 МГц
  [fixed  120/600s]  72.0°C   20.0 Вт  3500 rpm  2400 МГц
  [fixed  130/600s]  72.0°C   20.0 Вт  3500 rpm  2333 МГц
  [fixed  140/600s]  71.0°C   20.0 Вт  3500 rpm  2333 МГц
  [fixed  150/600s]  72.0°C   20.0 Вт  3500 rpm  2333 МГц
  [fixed  160/600s]  73.0°C   20.0 Вт  3500 rpm  2333 МГц
  [fixed  170/600s]  75.0°C   20.0 Вт  3500 rpm  2400 МГц
  [fixed  180/600s]  73.0°C   20.0 Вт  3500 rpm  2333 МГц
  [fixed  190/600s]  74.0°C   20.0 Вт  3500 rpm  2400 МГц
  [fixed  200/600s]  73.0°C   20.0 Вт  3500 rpm  2333 МГц
  [fixed  210/600s]  73.0°C   20.0 Вт  3500 rpm  2333 МГц
  [fixed  220/600s]  75.0°C   20.0 Вт  3500 rpm  2400 МГц
  [fixed  230/600s]  75.0°C   19.9 Вт  3500 rpm  2400 МГц
  [fixed  240/600s]  75.0°C   20.0 Вт  3500 rpm  2333 МГц
  [fixed  250/600s]  75.0°C   20.0 Вт  3500 rpm  2333 МГц
  [fixed  260/600s]  75.0°C   20.0 Вт  3600 rpm  2333 МГц
  [fixed  270/600s]  76.0°C   20.0 Вт  3500 rpm  2367 МГц
  [fixed  280/600s]  77.0°C   20.0 Вт  3500 rpm  2367 МГц
  [fixed  290/600s]  79.0°C   20.0 Вт  3500 rpm  2400 МГц
  [fixed  300/600s]  79.0°C   20.1 Вт  3500 rpm  2338 МГц
  [fixed  310/600s]  77.0°C   20.0 Вт  3500 rpm  2333 МГц
  [fixed  320/600s]  79.0°C   20.0 Вт  3500 rpm  2303 МГц
  [fixed  330/600s]  77.0°C   20.0 Вт  3500 rpm  2300 МГц
  [fixed  340/600s]  80.0°C   20.0 Вт  3500 rpm  2300 МГц
  [fixed  350/600s]  79.0°C   20.0 Вт  3500 rpm  2367 МГц
  [fixed  360/600s]  79.0°C   20.0 Вт  3500 rpm  2369 МГц
  [fixed  370/600s]  80.0°C   20.0 Вт  3500 rpm  2367 МГц
  [fixed  380/600s]  79.0°C   20.0 Вт  3500 rpm  2367 МГц
  [fixed  390/600s]  81.0°C   19.9 Вт  3500 rpm  2305 МГц
  [fixed  400/600s]  80.0°C   20.0 Вт  3500 rpm  2312 МГц
  [fixed  410/600s]  83.0°C   20.0 Вт  3500 rpm  2300 МГц
  [fixed  420/600s]  81.0°C   20.0 Вт  3500 rpm  2300 МГц
  [fixed  430/600s]  81.0°C   20.0 Вт  3500 rpm  2400 МГц
  [fixed  440/600s]  81.0°C   20.0 Вт  3500 rpm  2400 МГц
  [fixed  450/600s]  81.0°C   20.0 Вт  3500 rpm  2338 МГц
  [fixed  460/600s]  81.0°C   20.0 Вт  3500 rpm  2351 МГц
  [fixed  470/600s]  80.0°C   20.0 Вт  3500 rpm  2400 МГц
  [fixed  480/600s]  83.0°C   20.0 Вт  3500 rpm  2353 МГц
  [fixed  490/600s]  83.0°C   20.0 Вт  3500 rpm  2366 МГц
  [fixed  500/600s]  83.0°C   20.0 Вт  3500 rpm  2400 МГц
  [fixed  510/600s]  83.0°C   20.0 Вт  3500 rpm  2400 МГц
  [fixed  520/600s]  83.0°C   20.0 Вт  3500 rpm  2348 МГц
  [fixed  530/600s]  83.0°C   20.0 Вт  3500 rpm  2399 МГц
  [fixed  540/600s]  84.0°C   20.0 Вт  3500 rpm  2300 МГц
  [fixed  550/600s]  84.0°C   20.0 Вт  3500 rpm  2377 МГц
  [fixed  560/600s]  83.0°C   20.0 Вт  3500 rpm  2300 МГц
  [fixed  570/600s]  85.0°C   20.0 Вт  3500 rpm  2349 МГц
  [fixed  580/600s]  84.0°C   20.0 Вт  3500 rpm  2395 МГц
  [fixed  590/600s]  85.0°C   20.0 Вт  3500 rpm  2378 МГц

   пауза: ждём 44.6 °C (idle + 3.0), не дольше 600 с

3/4 Максимальная нагрузка с родными лимитами, 600 с
  [max    0/600s]  83.0°C   47.6 Вт  3300 rpm  3567 МГц
  [max   10/600s]  90.0°C   50.6 Вт  3500 rpm  3567 МГц
  [max   20/600s]  93.0°C   43.4 Вт  3500 rpm  3500 МГц
  [max   30/600s]  94.0°C   36.4 Вт  3500 rpm  3220 МГц
  [max   40/600s]  94.0°C   34.6 Вт  3500 rpm  3100 МГц
  [max   50/600s]  94.0°C   32.0 Вт  3500 rpm  3000 МГц
  [max   60/600s]  94.0°C   31.0 Вт  3500 rpm  2967 МГц
  [max   70/600s]  94.0°C   31.8 Вт  3500 rpm  2867 МГц
  [max   80/600s]  96.0°C   30.2 Вт  3500 rpm  2867 МГц
  [max   90/600s]  96.0°C   28.0 Вт  3500 rpm  2513 МГц
  [max  100/600s]  94.0°C   27.6 Вт  3500 rpm  2733 МГц
  [max  110/600s]  94.0°C   26.7 Вт  3500 rpm  2600 МГц
  [max  120/600s]  94.0°C   27.2 Вт  3500 rpm  2733 МГц
  [max  130/600s]  94.0°C   26.4 Вт  3500 rpm  2633 МГц
  [max  140/600s]  78.0°C    6.5 Вт  3500 rpm  400 МГц
  [max  150/600s]  74.0°C    6.3 Вт  3500 rpm  400 МГц
  [max  160/600s]  70.0°C    6.2 Вт  3500 rpm  400 МГц
  [max  170/600s]  96.0°C   34.9 Вт  3500 rpm  2814 МГц
  [max  180/600s]  96.0°C   30.7 Вт  3500 rpm  2867 МГц
  [max  190/600s]  96.0°C   28.7 Вт  3500 rpm  2801 МГц
  [max  200/600s]  94.0°C   27.6 Вт  3500 rpm  2733 МГц
  [max  210/600s]  96.0°C   26.5 Вт  3500 rpm  2733 МГц
  [max  220/600s]  94.0°C   26.2 Вт  3500 rpm  2767 МГц
  [max  230/600s]  79.0°C    6.5 Вт  3500 rpm  400 МГц
  [max  240/600s]  74.0°C    6.4 Вт  3500 rpm  400 МГц
  [max  250/600s]  72.0°C    6.4 Вт  3500 rpm  400 МГц
  [max  260/600s]  70.0°C    6.1 Вт  3500 rpm  400 МГц
  [max  270/600s]  94.0°C   32.1 Вт  3500 rpm  2967 МГц
  [max  280/600s]  96.0°C   28.1 Вт  3500 rpm  2788 МГц
  [max  290/600s]  94.0°C   27.1 Вт  3500 rpm  2733 МГц
  [max  300/600s]  94.0°C   25.8 Вт  3500 rpm  2633 МГц
  [max  310/600s]  80.0°C    6.6 Вт  3500 rpm  400 МГц
  [max  320/600s]  75.0°C    6.4 Вт  3500 rpm  400 МГц
  [max  330/600s]  72.0°C    6.4 Вт  3500 rpm  400 МГц
  [max  340/600s]  69.0°C    6.0 Вт  3500 rpm  400 МГц
  [max  350/600s]  94.0°C   36.2 Вт  3500 rpm  3200 МГц
  [max  360/600s]  96.0°C   33.6 Вт  3500 rpm  3000 МГц
  [max  370/600s]  94.0°C   27.6 Вт  3500 rpm  2733 МГц
  [max  380/600s]  94.0°C   26.2 Вт  3500 rpm  2733 МГц
  [max  390/600s]  79.0°C    6.5 Вт  3500 rpm  400 МГц
  [max  400/600s]  76.0°C    6.4 Вт  3500 rpm  400 МГц
  [max  410/600s]  73.0°C    6.2 Вт  3500 rpm  400 МГц
  [max  420/600s]  70.0°C    6.0 Вт  3500 rpm  400 МГц
  [max  430/600s]  94.0°C   32.2 Вт  3500 rpm  2967 МГц
  [max  440/600s]  94.0°C   28.5 Вт  3500 rpm  2867 МГц
  [max  450/600s]  94.0°C   25.8 Вт  3500 rpm  2733 МГц
  [max  460/600s]  96.0°C   25.1 Вт  3500 rpm  2609 МГц
  [max  470/600s]  77.0°C    6.7 Вт  3500 rpm  400 МГц
  [max  480/600s]  74.0°C    6.3 Вт  3500 rpm  400 МГц
  [max  490/600s]  72.0°C    6.1 Вт  3500 rpm  400 МГц
  [max  500/600s]  96.0°C   12.9 Вт  3500 rpm  3239 МГц
  [max  510/600s]  94.0°C   31.3 Вт  3500 rpm  2967 МГц
  [max  520/600s]  94.0°C   27.8 Вт  3500 rpm  2767 МГц
  [max  530/600s]  94.0°C   26.2 Вт  3500 rpm  2733 МГц
  [max  540/600s]  96.0°C   25.0 Вт  3500 rpm  2600 МГц
  [max  550/600s]  78.0°C    6.5 Вт  3500 rpm  400 МГц
  [max  560/600s]  74.0°C    6.4 Вт  3500 rpm  400 МГц
  [max  570/600s]  72.0°C    6.3 Вт  3500 rpm  400 МГц
  [max  580/600s]  70.0°C    6.0 Вт  3500 rpm  400 МГц
  [max  590/600s]  94.0°C   37.9 Вт  3500 rpm  3083 МГц

4/4 Остывание (до idle + 5 °C, максимум 300 с)

=== after (ambient None °C) ===
idle   {"pkg_c": 41.59, "ec_cpu_c": 49.04, "fan_rpm": 0.0, "pkg_w": 3.7, "mhz": 532.4, "pkg_c_max": 75.0, "core_spread_c": 2.73, "core_spread_c_max": 24.0}
fixed  {"pkg_c": 82.97, "ec_cpu_c": 83.08, "fan_rpm": 3500.0, "pkg_w": 20.0, "mhz": 2348.01, "pkg_c_max": 85.0, "core_spread_c": 4.68, "core_spread_c_max": 7.0, "ops_per_s": 13708.4, "start_c": 41.0, "c_at_1s": 53.0, "c_at_3s": 55.0, "c_at_10s": 56.0, "c_at_30s": 62.0, "s_to_90c": null, "s_to_95c": null}
max    {"pkg_c": 85.26, "ec_cpu_c": 86.54, "fan_rpm": 3500.0, "pkg_w": 19.11, "mhz": 1719.6, "pkg_c_max": 97.0, "core_spread_c": 3.74, "core_spread_c_max": 14.0, "ops_per_s": 9810.9, "first_30s_w": 46.57, "throttle_events": 72736, "start_c": 46.0, "c_at_1s": 83.0, "c_at_3s": 85.0, "c_at_10s": 96.0, "c_at_30s": 96.0, "s_to_90c": 7, "s_to_95c": 10}
rest_s 507  cooldown_s None

Сохранено в /home/tihonove/thermal-bench/results/after-20261003-170401

[exited with code 0]
