! NVIDIA не спит (runtime_status != suspended) — она подогревает общую тепловую трубку. Зафиксируй это одинаково в обоих прогонах.
Результаты: /home/tihonove/thermal-bench/results/before-20261002-221626
Условия: {"ambient_c": null, "platform_profile": "balanced", "epp": "balance_performance", "battery_status": "Not charging", "nvidia_runtime_status": "active"}

1/4 Покой 600 с — не трогай ноутбук
  [idle    0/600s]  47.0°C    4.6 Вт  2500 rpm  537 МГц
  [idle   10/600s]  71.0°C   10.6 Вт  2500 rpm  3190 МГц
  [idle   20/600s]  47.0°C    4.5 Вт  2500 rpm  452 МГц
  [idle   30/600s]  47.0°C    3.9 Вт  2500 rpm  529 МГц
  [idle   40/600s]  47.0°C    3.8 Вт  2500 rpm  460 МГц
  [idle   50/600s]  46.0°C    3.5 Вт  2500 rpm  454 МГц
  [idle   60/600s]  46.0°C    3.2 Вт  2500 rpm  582 МГц
  [idle   70/600s]  47.0°C    3.3 Вт  2500 rpm  457 МГц
  [idle   80/600s]  45.0°C    3.6 Вт  2500 rpm  475 МГц
  [idle   90/600s]  45.0°C    3.1 Вт  2500 rpm  479 МГц
  [idle  100/600s]  46.0°C    3.2 Вт  2500 rpm  477 МГц
  [idle  110/600s]  45.0°C    3.4 Вт  2500 rpm  426 МГц
  [idle  120/600s]  45.0°C    3.0 Вт  2500 rpm  429 МГц
  [idle  130/600s]  45.0°C    3.2 Вт  2500 rpm  457 МГц
  [idle  140/600s]  45.0°C    3.1 Вт  2500 rpm  466 МГц
  [idle  150/600s]  45.0°C    3.5 Вт  2500 rpm  463 МГц
  [idle  160/600s]  44.0°C    3.0 Вт  2500 rpm  452 МГц
  [idle  170/600s]  45.0°C    3.0 Вт  2500 rpm  472 МГц
  [idle  180/600s]  45.0°C    3.0 Вт  1700 rpm  443 МГц
  [idle  190/600s]  45.0°C    3.2 Вт  1800 rpm  466 МГц
  [idle  200/600s]  44.0°C    3.0 Вт  1800 rpm  450 МГц
  [idle  210/600s]  43.0°C    3.2 Вт  1800 rpm  432 МГц
  [idle  220/600s]  45.0°C    3.5 Вт  1800 rpm  437 МГц
  [idle  230/600s]  44.0°C    3.0 Вт  1800 rpm  467 МГц
  [idle  240/600s]  45.0°C    3.1 Вт  1800 rpm  489 МГц
  [idle  250/600s]  45.0°C    3.2 Вт  1800 rpm  464 МГц
  [idle  260/600s]  44.0°C    3.0 Вт  1800 rpm  487 МГц
  [idle  270/600s]  44.0°C    3.1 Вт  1800 rpm  444 МГц
  [idle  280/600s]  47.0°C    5.7 Вт  1800 rpm  722 МГц
  [idle  290/600s]  45.0°C    3.4 Вт  1800 rpm  428 МГц
  [idle  300/600s]  45.0°C    3.2 Вт  2400 rpm  503 МГц
  [idle  310/600s]  45.0°C    3.2 Вт  1800 rpm  504 МГц
  [idle  320/600s]  45.0°C    3.4 Вт  1800 rpm  490 МГц
  [idle  330/600s]  45.0°C    3.3 Вт  1800 rpm  463 МГц
  [idle  340/600s]  43.0°C    3.2 Вт  1800 rpm  431 МГц
  [idle  350/600s]  44.0°C    3.3 Вт  1800 rpm  501 МГц
  [idle  360/600s]  45.0°C    3.1 Вт  1800 rpm  449 МГц
  [idle  370/600s]  45.0°C    3.0 Вт  1800 rpm  503 МГц
  [idle  380/600s]  43.0°C    3.5 Вт  1800 rpm  494 МГц
  [idle  390/600s]  43.0°C    4.0 Вт  1800 rpm  547 МГц
  [idle  400/600s]  44.0°C    3.1 Вт  1800 rpm  470 МГц
  [idle  410/600s]  44.0°C    3.1 Вт  1800 rpm  427 МГц
  [idle  420/600s]  43.0°C    3.3 Вт  1800 rpm  418 МГц
  [idle  430/600s]  43.0°C    3.0 Вт  1800 rpm  443 МГц
  [idle  440/600s]  45.0°C    3.1 Вт  1800 rpm  496 МГц
  [idle  450/600s]  44.0°C    3.8 Вт  1800 rpm  474 МГц
  [idle  460/600s]  43.0°C    3.2 Вт  1800 rpm  466 МГц
  [idle  470/600s]  44.0°C    3.7 Вт  1800 rpm  535 МГц
  [idle  480/600s]  57.0°C    8.4 Вт  1800 rpm  1057 МГц
  [idle  490/600s]  44.0°C    3.7 Вт  1800 rpm  466 МГц
  [idle  500/600s]  45.0°C    8.8 Вт  1800 rpm  458 МГц
  [idle  510/600s]  44.0°C    3.8 Вт  1800 rpm  452 МГц
  [idle  520/600s]  43.0°C    8.8 Вт  1800 rpm  442 МГц
  [idle  530/600s]  43.0°C    3.2 Вт  1800 rpm  481 МГц
  [idle  540/600s]  44.0°C    3.1 Вт  1800 rpm  435 МГц
  [idle  550/600s]  44.0°C    3.0 Вт  1800 rpm  464 МГц
  [idle  560/600s]  44.0°C    3.1 Вт  1800 rpm  464 МГц
  [idle  570/600s]  43.0°C    3.1 Вт  1800 rpm  470 МГц
  [idle  580/600s]  43.0°C    3.1 Вт  1800 rpm  455 МГц
  [idle  590/600s]  43.0°C    3.2 Вт  1800 rpm  497 МГц

2/4 Фиксированная мощность 20.0 Вт, 600 с
  [fixed    0/600s]  56.0°C   20.8 Вт  1800 rpm  2467 МГц
  [fixed   10/600s]  60.0°C   20.0 Вт  1800 rpm  2433 МГц
  [fixed   20/600s]  64.0°C   20.0 Вт  2500 rpm  2433 МГц
  [fixed   30/600s]  65.0°C   20.0 Вт  2500 rpm  2433 МГц
  [fixed   40/600s]  68.0°C   20.0 Вт  2800 rpm  2433 МГц
  [fixed   50/600s]  69.0°C   20.0 Вт  2800 rpm  2433 МГц
  [fixed   60/600s]  72.0°C   19.9 Вт  3100 rpm  2433 МГц
  [fixed   70/600s]  72.0°C   20.0 Вт  3100 rpm  2400 МГц
  [fixed   80/600s]  73.0°C   20.0 Вт  3300 rpm  2433 МГц
  [fixed   90/600s]  74.0°C   20.0 Вт  3300 rpm  2400 МГц
  [fixed  100/600s]  75.0°C   20.1 Вт  3500 rpm  2233 МГц
  [fixed  110/600s]  75.0°C   20.0 Вт  3500 rpm  2400 МГц
  [fixed  120/600s]  76.0°C   20.0 Вт  3500 rpm  2400 МГц
  [fixed  130/600s]  76.0°C   20.0 Вт  3500 rpm  2400 МГц
  [fixed  140/600s]  77.0°C   20.0 Вт  3500 rpm  2400 МГц
  [fixed  150/600s]  79.0°C   20.0 Вт  3500 rpm  2367 МГц
  [fixed  160/600s]  77.0°C   20.0 Вт  3900 rpm  2400 МГц
  [fixed  170/600s]  77.0°C   20.0 Вт  3900 rpm  2400 МГц
  [fixed  180/600s]  77.0°C   20.0 Вт  3900 rpm  2400 МГц
  [fixed  190/600s]  79.0°C   20.0 Вт  3900 rpm  2400 МГц
  [fixed  200/600s]  79.0°C   20.0 Вт  3900 rpm  2400 МГц
  [fixed  210/600s]  80.0°C   20.0 Вт  3900 rpm  2400 МГц
  [fixed  220/600s]  80.0°C   20.0 Вт  4400 rpm  2371 МГц
  [fixed  230/600s]  80.0°C   20.0 Вт  4400 rpm  2400 МГц
  [fixed  240/600s]  81.0°C   20.0 Вт  4400 rpm  2400 МГц
  [fixed  250/600s]  82.0°C   20.0 Вт  4400 rpm  2400 МГц
  [fixed  260/600s]  81.0°C   20.0 Вт  4400 rpm  2400 МГц
  [fixed  270/600s]  81.0°C   20.0 Вт  4400 rpm  2400 МГц
  [fixed  280/600s]  81.0°C   20.0 Вт  4400 rpm  2400 МГц
  [fixed  290/600s]  82.0°C   20.0 Вт  4400 rpm  2400 МГц
  [fixed  300/600s]  82.0°C   20.0 Вт  4400 rpm  2400 МГц
  [fixed  310/600s]  83.0°C   20.0 Вт  4400 rpm  2404 МГц
  [fixed  320/600s]  82.0°C   20.0 Вт  4400 rpm  2400 МГц
  [fixed  330/600s]  84.0°C   20.0 Вт  4400 rpm  2400 МГц
  [fixed  340/600s]  83.0°C   20.0 Вт  4400 rpm  2400 МГц
  [fixed  350/600s]  82.0°C   20.0 Вт  4400 rpm  2400 МГц
  [fixed  360/600s]  84.0°C   20.0 Вт  4400 rpm  2400 МГц
  [fixed  370/600s]  84.0°C   20.0 Вт  4400 rpm  2400 МГц
  [fixed  380/600s]  85.0°C   20.0 Вт  4400 rpm  2400 МГц
  [fixed  390/600s]  85.0°C   20.0 Вт  4400 rpm  2400 МГц
  [fixed  400/600s]  85.0°C   20.0 Вт  4400 rpm  2300 МГц
  [fixed  410/600s]  85.0°C   20.0 Вт  4400 rpm  2433 МГц
  [fixed  420/600s]  85.0°C   20.0 Вт  4400 rpm  2400 МГц
  [fixed  430/600s]  85.0°C   20.0 Вт  4400 rpm  2300 МГц
  [fixed  440/600s]  85.0°C   20.0 Вт  4400 rpm  2400 МГц
  [fixed  450/600s]  85.0°C   20.0 Вт  4400 rpm  2400 МГц
  [fixed  460/600s]  86.0°C   20.0 Вт  4400 rpm  2400 МГц
  [fixed  470/600s]  85.0°C   20.0 Вт  4400 rpm  2400 МГц
  [fixed  480/600s]  85.0°C   20.0 Вт  4400 rpm  2400 МГц
  [fixed  490/600s]  86.0°C   20.0 Вт  4400 rpm  2400 МГц
  [fixed  500/600s]  85.0°C   20.0 Вт  4400 rpm  2400 МГц
  [fixed  510/600s]  86.0°C   20.0 Вт  4400 rpm  2400 МГц
  [fixed  520/600s]  86.0°C   19.9 Вт  4400 rpm  2432 МГц
  [fixed  530/600s]  86.0°C   20.0 Вт  4400 rpm  2400 МГц
  [fixed  540/600s]  85.0°C   20.0 Вт  4400 rpm  2400 МГц
  [fixed  550/600s]  86.0°C   20.0 Вт  4400 rpm  2400 МГц
  [fixed  560/600s]  86.0°C   20.0 Вт  4400 rpm  2400 МГц
  [fixed  570/600s]  86.0°C   20.0 Вт  4400 rpm  2400 МГц
  [fixed  580/600s]  88.0°C   20.0 Вт  4400 rpm  2391 МГц
  [fixed  590/600s]  86.0°C   20.0 Вт  4400 rpm  2400 МГц

   пауза: ждём 46.7 °C (idle + 3.0), не дольше 600 с

3/4 Максимальная нагрузка с родными лимитами, 600 с
  [max    0/600s]  88.0°C   50.1 Вт  2500 rpm  3567 МГц
  [max   10/600s]  94.0°C   46.0 Вт  4100 rpm  3528 МГц
  [max   20/600s]  94.0°C   39.8 Вт  4400 rpm  3400 МГц
  [max   30/600s]  94.0°C   38.4 Вт  4400 rpm  3200 МГц
  [max   40/600s]  94.0°C   32.3 Вт  4400 rpm  3101 МГц
  [max   50/600s]  96.0°C   30.9 Вт  4400 rpm  3000 МГц
  [max   60/600s]  96.0°C   30.8 Вт  4400 rpm  2967 МГц
  [max   70/600s]  96.0°C   30.1 Вт  4400 rpm  2867 МГц
  [max   80/600s]  94.0°C   29.4 Вт  4400 rpm  2867 МГц
  [max   90/600s]  96.0°C   27.8 Вт  4400 rpm  2767 МГц
  [max  100/600s]  94.0°C   27.2 Вт  4400 rpm  2767 МГц
  [max  110/600s]  94.0°C   27.3 Вт  4400 rpm  2733 МГц
  [max  120/600s]  94.0°C   26.4 Вт  4400 rpm  2767 МГц
  [max  130/600s]  94.0°C   25.6 Вт  4400 rpm  2733 МГц
  [max  140/600s]  94.0°C   25.5 Вт  4400 rpm  2733 МГц
  [max  150/600s]  94.0°C   25.6 Вт  4400 rpm  2733 МГц
  [max  160/600s]  94.0°C   25.4 Вт  4400 rpm  2605 МГц
  [max  170/600s]  96.0°C   26.3 Вт  4400 rpm  2600 МГц
  [max  180/600s]  94.0°C   24.7 Вт  4400 rpm  2600 МГц
  [max  190/600s]  96.0°C   24.1 Вт  4400 rpm  2600 МГц
  [max  200/600s]  96.0°C   24.6 Вт  4400 rpm  2600 МГц
  [max  210/600s]  94.0°C   24.2 Вт  4400 rpm  2430 МГц
  [max  220/600s]  94.0°C   23.9 Вт  4400 rpm  2500 МГц
  [max  230/600s]  94.0°C   23.9 Вт  4400 rpm  2600 МГц
  [max  240/600s]  94.0°C   24.0 Вт  4400 rpm  2500 МГц
  [max  250/600s]  96.0°C   23.8 Вт  4400 rpm  2500 МГц
  [max  260/600s]  96.0°C   23.5 Вт  4400 rpm  2367 МГц
  [max  270/600s]  94.0°C   23.2 Вт  4400 rpm  2467 МГц
  [max  280/600s]  94.0°C   23.5 Вт  4400 rpm  2500 МГц
  [max  290/600s]  94.0°C   23.2 Вт  4400 rpm  2500 МГц
  [max  300/600s]  94.0°C   23.2 Вт  4400 rpm  2467 МГц
  [max  310/600s]  96.0°C   23.2 Вт  4400 rpm  2586 МГц
  [max  320/600s]  94.0°C   23.1 Вт  4400 rpm  2467 МГц
  [max  330/600s]  96.0°C   22.2 Вт  4400 rpm  2425 МГц
  [max  340/600s]  94.0°C   22.1 Вт  4400 rpm  2367 МГц
  [max  350/600s]  94.0°C   22.3 Вт  4400 rpm  2467 МГц
  [max  360/600s]  94.0°C   22.0 Вт  4400 rpm  2367 МГц
  [max  370/600s]  96.0°C   21.8 Вт  4400 rpm  2367 МГц
  [max  380/600s]  93.0°C   21.9 Вт  4400 rpm  2446 МГц
  [max  390/600s]  94.0°C   21.9 Вт  4400 rpm  2439 МГц
  [max  400/600s]  96.0°C   22.1 Вт  4400 rpm  2467 МГц
  [max  410/600s]  93.0°C   21.9 Вт  4400 rpm  2373 МГц
  [max  420/600s]  94.0°C   21.6 Вт  4400 rpm  2367 МГц
  [max  430/600s]  94.0°C   21.3 Вт  4400 rpm  2367 МГц
  [max  440/600s]  94.0°C   21.1 Вт  4400 rpm  2367 МГц
  [max  450/600s]  94.0°C   21.1 Вт  4400 rpm  2467 МГц
  [max  460/600s]  96.0°C   21.1 Вт  4400 rpm  2367 МГц
  [max  470/600s]  94.0°C   21.2 Вт  4400 rpm  2367 МГц
  [max  480/600s]  94.0°C   20.8 Вт  4400 rpm  2467 МГц
  [max  490/600s]  96.0°C   20.9 Вт  4400 rpm  2367 МГц
  [max  500/600s]  93.0°C   20.8 Вт  4400 rpm  2367 МГц
  [max  510/600s]  96.0°C   20.8 Вт  4400 rpm  2267 МГц
  [max  520/600s]  96.0°C   21.4 Вт  4400 rpm  2467 МГц
  [max  530/600s]  96.0°C   21.3 Вт  4400 rpm  2367 МГц
  [max  540/600s]  94.0°C   21.4 Вт  4400 rpm  2382 МГц
  [max  550/600s]  96.0°C   20.9 Вт  4400 rpm  2367 МГц
  [max  560/600s]  94.0°C   21.1 Вт  4400 rpm  2367 МГц
  [max  570/600s]  94.0°C   20.8 Вт  4400 rpm  2367 МГц
  [max  580/600s]  96.0°C   21.1 Вт  4400 rpm  2367 МГц
  [max  590/600s]  96.0°C   20.8 Вт  4400 rpm  2267 МГц

4/4 Остывание (до idle + 5 °C, максимум 300 с)

=== before (ambient None °C) ===
idle   {"pkg_c": 43.71, "ec_cpu_c": 51.09, "fan_rpm": 1800.0, "pkg_w": 3.54, "mhz": 478.13, "pkg_c_max": 79.0, "core_spread_c": 3.44, "core_spread_c_max": 21.0}
fixed  {"pkg_c": 85.65, "ec_cpu_c": 86.24, "fan_rpm": 4400.0, "pkg_w": 20.0, "mhz": 2386.69, "pkg_c_max": 89.0, "core_spread_c": 2.13, "core_spread_c_max": 6.0, "ops_per_s": 13668.7, "start_c": 45.0, "c_at_1s": 56.0, "c_at_3s": 58.0, "c_at_10s": 61.0, "c_at_30s": 65.0, "s_to_90c": null, "s_to_95c": null}
max    {"pkg_c": 94.74, "ec_cpu_c": 95.0, "fan_rpm": 4400.0, "pkg_w": 21.13, "mhz": 2387.23, "pkg_c_max": 97.0, "core_spread_c": 1.92, "core_spread_c_max": 8.0, "ops_per_s": 13877.1, "first_30s_w": 43.62, "throttle_events": 125283, "start_c": 49.0, "c_at_1s": 88.0, "c_at_3s": 88.0, "c_at_10s": 94.0, "c_at_30s": 94.0, "s_to_90c": 4, "s_to_95c": 7}
rest_s 600  cooldown_s None

Сохранено в /home/tihonove/thermal-bench/results/before-20261002-221626

[exited with code 0]
